main.c:112:5:main	8	static
main.c:165:6:SystemClock_Config	72	static
main.c:201:13:MX_SPI1_Init	8	static
main.c:239:13:MX_GPIO_Init	32	static
main.c:279:7:Menu	40	static
main.c:319:7:Jogo	40	static
main.c:366:7:MudarCor	32	static
main.c:414:7:DificuldadeLed	40	static
main.c:450:7:Derrota_Vitoria	32	static
main.c:485:6:Descoberta	24	static
main.c:508:6:Bandeira	24	static
main.c:523:6:atualizarBandeiras	24	static
main.c:527:6:cursorDireita	4	static
main.c:543:6:cursorEsquerda	4	static
main.c:559:6:consertaTabuleiro	16	static
main.c:564:6:distribuirBombas	24	static
main.c:583:6:Error_Handler	4	static,ignoring_inline_asm
